You're accessing the development server over HTTPS, but it only supports HTTP.

You're accessing the development server over HTTPS, but it only supports HTTP.

You're accessing the development server over HTTPS, but it only supports HTTP.

You're accessing the development server over HTTPS, but it only supports HTTP.

You're accessing the development server over HTTPS, but it only supports HTTP.

You're accessing the development server over HTTPS, but it only supports HTTP.

You're accessing the development server over HTTPS, but it only supports HTTP.

You're accessing the development server over HTTPS, but it only supports HTTP.

You're accessing the development server over HTTPS, but it only supports HTTP.

You're accessing the development server over HTTPS, but it only supports HTTP.

You're accessing the development server over HTTPS, but it only supports HTTP.

You're accessing the development server over HTTPS, but it only supports HTTP.

You're accessing the development server over HTTPS, but it only supports HTTP.

You're accessing the development server over HTTPS, but it only supports HTTP.

You're accessing the development server over HTTPS, but it only supports HTTP.

You're accessing the development server over HTTPS, but it only supports HTTP.

You're accessing the development server over HTTPS, but it only supports HTTP.

You're accessing the development server over HTTPS, but it only supports HTTP.

You're accessing the development server over HTTPS, but it only supports HTTP.

You're accessing the development server over HTTPS, but it only supports HTTP.

You're accessing the development server over HTTPS, but it only supports HTTP.

You're accessing the development server over HTTPS, but it only supports HTTP.

You're accessing the development server over HTTPS, but it only supports HTTP.

You're accessing the development server over HTTPS, but it only supports HTTP.

You're accessing the development server over HTTPS, but it only supports HTTP.

You're accessing the development server over HTTPS, but it only supports HTTP.

You're accessing the development server over HTTPS, but it only supports HTTP.

You're accessing the development server over HTTPS, but it only supports HTTP.

You're accessing the development server over HTTPS, but it only supports HTTP.

You're accessing the development server over HTTPS, but it only supports HTTP.

You're accessing the development server over HTTPS, but it only supports HTTP.

You're accessing the development server over HTTPS, but it only supports HTTP.

You're accessing the development server over HTTPS, but it only supports HTTP.

You're accessing the development server over HTTPS, but it only supports HTTP.

You're accessing the development server over HTTPS, but it only supports HTTP.

You're accessing the development server over HTTPS, but it only supports HTTP.

You're accessing the development server over HTTPS, but it only supports HTTP.

You're accessing the development server over HTTPS, but it only supports HTTP.

You're accessing the development server over HTTPS, but it only supports HTTP.

You're accessing the development server over HTTPS, but it only supports HTTP.

You're accessing the development server over HTTPS, but it only supports HTTP.

You're accessing the development server over HTTPS, but it only supports HTTP.

Internal Server Error: /road-analysis/
Traceback (most recent call last):
  File "/Users/alkadelik/Documents/dev/leyyow/djangoEnv/lib/python3.10/site-packages/django/core/handlers/exception.py", line 55, in inner
    response = get_response(request)
  File "/Users/alkadelik/Documents/dev/leyyow/djangoEnv/lib/python3.10/site-packages/django/core/handlers/base.py", line 197, in _get_response
    response = wrapped_callback(request, *callback_args, **callback_kwargs)
  File "/Users/alkadelik/Documents/dev/iThena 20/ferma_25/cpms_ferma/website/views.py", line 120, in road_analysis
    return render(request, "website/road_analysis.html", context)
  File "/Users/alkadelik/Documents/dev/leyyow/djangoEnv/lib/python3.10/site-packages/django/shortcuts.py", line 24, in render
    content = loader.render_to_string(template_name, context, request, using=using)
  File "/Users/alkadelik/Documents/dev/leyyow/djangoEnv/lib/python3.10/site-packages/django/template/loader.py", line 61, in render_to_string
    template = get_template(template_name, using=using)
  File "/Users/alkadelik/Documents/dev/leyyow/djangoEnv/lib/python3.10/site-packages/django/template/loader.py", line 15, in get_template
    return engine.get_template(template_name)
  File "/Users/alkadelik/Documents/dev/leyyow/djangoEnv/lib/python3.10/site-packages/django/template/backends/django.py", line 34, in get_template
    return Template(self.engine.get_template(template_name), self)
  File "/Users/alkadelik/Documents/dev/leyyow/djangoEnv/lib/python3.10/site-packages/django/template/engine.py", line 176, in get_template
    template, origin = self.find_template(template_name)
  File "/Users/alkadelik/Documents/dev/leyyow/djangoEnv/lib/python3.10/site-packages/django/template/engine.py", line 158, in find_template
    template = loader.get_template(name, skip=skip)
  File "/Users/alkadelik/Documents/dev/leyyow/djangoEnv/lib/python3.10/site-packages/django/template/loaders/base.py", line 28, in get_template
    return Template(
  File "/Users/alkadelik/Documents/dev/leyyow/djangoEnv/lib/python3.10/site-packages/django/template/base.py", line 154, in __init__
    self.nodelist = self.compile_nodelist()
  File "/Users/alkadelik/Documents/dev/leyyow/djangoEnv/lib/python3.10/site-packages/django/template/base.py", line 200, in compile_nodelist
    return parser.parse()
  File "/Users/alkadelik/Documents/dev/leyyow/djangoEnv/lib/python3.10/site-packages/django/template/base.py", line 513, in parse
    raise self.error(token, e)
  File "/Users/alkadelik/Documents/dev/leyyow/djangoEnv/lib/python3.10/site-packages/django/template/base.py", line 511, in parse
    compiled_result = compile_func(self, token)
  File "/Users/alkadelik/Documents/dev/leyyow/djangoEnv/lib/python3.10/site-packages/django/template/loader_tags.py", line 293, in do_extends
    nodelist = parser.parse()
  File "/Users/alkadelik/Documents/dev/leyyow/djangoEnv/lib/python3.10/site-packages/django/template/base.py", line 513, in parse
    raise self.error(token, e)
  File "/Users/alkadelik/Documents/dev/leyyow/djangoEnv/lib/python3.10/site-packages/django/template/base.py", line 511, in parse
    compiled_result = compile_func(self, token)
  File "/Users/alkadelik/Documents/dev/leyyow/djangoEnv/lib/python3.10/site-packages/django/template/loader_tags.py", line 232, in do_block
    nodelist = parser.parse(("endblock",))
  File "/Users/alkadelik/Documents/dev/leyyow/djangoEnv/lib/python3.10/site-packages/django/template/base.py", line 513, in parse
    raise self.error(token, e)
  File "/Users/alkadelik/Documents/dev/leyyow/djangoEnv/lib/python3.10/site-packages/django/template/base.py", line 511, in parse
    compiled_result = compile_func(self, token)
  File "/Users/alkadelik/Documents/dev/leyyow/djangoEnv/lib/python3.10/site-packages/django/template/defaulttags.py", line 854, in do_for
    nodelist_loop = parser.parse(
  File "/Users/alkadelik/Documents/dev/leyyow/djangoEnv/lib/python3.10/site-packages/django/template/base.py", line 484, in parse
    raise self.error(token, e)
  File "/Users/alkadelik/Documents/dev/leyyow/djangoEnv/lib/python3.10/site-packages/django/template/base.py", line 482, in parse
    filter_expression = self.compile_filter(token.contents)
  File "/Users/alkadelik/Documents/dev/leyyow/djangoEnv/lib/python3.10/site-packages/django/template/base.py", line 600, in compile_filter
    return FilterExpression(token, self)
  File "/Users/alkadelik/Documents/dev/leyyow/djangoEnv/lib/python3.10/site-packages/django/template/base.py", line 696, in __init__
    filter_func = parser.find_filter(filter_name)
  File "/Users/alkadelik/Documents/dev/leyyow/djangoEnv/lib/python3.10/site-packages/django/template/base.py", line 606, in find_filter
    raise TemplateSyntaxError("Invalid filter: '%s'" % filter_name)
django.template.exceptions.TemplateSyntaxError: Invalid filter: 'seconds_to_hhmm'
"GET /road-analysis/ HTTP/1.1" 500 266312
